20:01:02 steini-G1-Sniper-B5 systemd-tmpfiles[605]: [/usr/lib/tmpfiles.d/var.conf:14] Duplicate line for path "/var/log", ignoring.
May  1 20:01:02 steini-G1-Sniper-B5 systemd[1]: Starting Enable support for additional executable binary formats...
May  1 20:01:02 steini-G1-Sniper-B5 systemd[1]: Starting Tell Plymouth To Write Out Runtime Data...
May  1 20:01:02 steini-G1-Sniper-B5 systemd[1]: Activated swap /dev/disk/by-uuid/74bb9308-8d33-47fa-a203-2a8972334ced.
May  1 20:01:02 steini-G1-Sniper-B5 systemd[1]: Activated swap /dev/disk/by-uuid/ce2ca201-f1f6-4cf2-8ee3-6a75e3d34c6b.
May  1 20:01:02 steini-G1-Sniper-B5 systemd[1]: Started Create Volatile Files and Directories.
May  1 20:01:02 steini-G1-Sniper-B5 systemd[1]: Started Tell Plymouth To Write Out Runtime Data.
May  1 20:01:02 steini-G1-Sniper-B5 systemd[1]: proc-sys-fs-binfmt_misc.automount: Got automount request for /proc/sys/fs/binfmt_misc, triggered by 620 (update-binfmts)
May  1 20:01:02 steini-G1-Sniper-B5 systemd[1]: Started Clean up any mess left by 0dns-up.
May  1 20:01:02 steini-G1-Sniper-B5 systemd[1]: Started Show Plymouth Boot Screen.
May  1 20:01:02 steini-G1-Sniper-B5 systemd[1]: Reached target Sound Card.
May  1 20:01:02 steini-G1-Sniper-B5 systemd[1]: Starting Nameserver information manager...
May  1 20:01:02 steini-G1-Sniper-B5 systemd[1]: Listening on Load/Save RF Kill Switch Status /dev/rfkill Watch.
May  1 20:01:02 steini-G1-Sniper-B5 systemd[1]: Mounting Arbitrary Executable File Formats File System...
May  1 20:01:02 steini-G1-Sniper-B5 systemd[1]: Starting Update UTMP about System Boot/Shutdown...
May  1 20:01:02 steini-G1-Sniper-B5 systemd[1]: Reached target System Time Synchronized.
May  1 20:01:02 steini-G1-Sniper-B5 systemd[1]: Reached target Swap.
May  1 20:01:02 steini-G1-Sniper-B5 systemd[1]: Started Set console font and keymap.
May  1 20:01:02 steini-G1-Sniper-B5 systemd[1]: Started Nameserver information manager.
May  1 20:01:02 steini-G1-Sniper-B5 systemd[1]: Mounted Arbitrary Executable File Formats File System.
May  1 20:01:02 steini-G1-Sniper-B5 systemd[1]: Started Enable support for additional executable binary formats.
May  1 20:01:02 steini-G1-Sniper-B5 systemd[1]: Started Update UTMP about System Boot/Shutdown.
May  1 20:01:02 steini-G1-Sniper-B5 systemd[1]: Created slice system-getty.slice.
May  1 20:01:02 steini-G1-Sniper-B5 systemd[1]: Reached target Network (Pre).
May  1 20:01:02 steini-G1-Sniper-B5 systemd[1]: Starting Raise network interfaces...
May  1 20:01:02 steini-G1-Sniper-B5 systemd[1]: Started Braille Device Support.
May  1 20:01:02 steini-G1-Sniper-B5 systemd[1]: Starting Show Plymouth Boot Screen...
May  1 20:01:02 steini-G1-Sniper-B5 systemd[1]: Starting Tell Plymouth To Write Out Runtime Data...
May  1 20:01:02 steini-G1-Sniper-B5 systemd[1]: Started Tell Plymouth To Write Out Runtime Data.
May  1 20:01:02 steini-G1-Sniper-B5 systemd[1]: Started Show Plymouth Boot Screen.
May  1 20:01:02 steini-G1-Sniper-B5 systemd[1]: Reached target System Initialization.
May  1 20:01:02 steini-G1-Sniper-B5 systemd[1]: Started CUPS Scheduler.
May  1 20:01:02 steini-G1-Sniper-B5 systemd[1]: Listening on ACPID Listen Socket.
May  1 20:01:02 steini-G1-Sniper-B5 systemd[1]: Listening on Avahi mDNS/DNS-SD Stack Activation Socket.
May  1 20:01:02 steini-G1-Sniper-B5 systemd[1]: Started Daily Cleanup of Temporary Directories.
May  1 20:01:02 steini-G1-Sniper-B5 systemd[1]: Starting Console System Startup Logging...
May  1 20:01:02 steini-G1-Sniper-B5 systemd[1]: apt-daily.timer: Adding 11h 38min 39.324411s random time.
May  1 20:01:02 steini-G1-Sniper-B5 systemd[1]: Started Daily apt activities.
May  1 20:01:02 steini-G1-Sniper-B5 systemd[1]: Reached target Timers.
May  1 20:01:02 steini-G1-Sniper-B5 systemd[1]: Listening on D-Bus System Message Bus Socket.
May  1 20:01:02 steini-G1-Sniper-B5 systemd[1]: Listening on CUPS Scheduler.
May  1 20:01:02 steini-G1-Sniper-B5 systemd[1]: Listening on UUID daemon activation socket.
May  1 20:01:02 steini-G1-Sniper-B5 systemd[1]: Reached target Sockets.
May  1 20:01:02 steini-G1-Sniper-B5 systemd[1]: Started ACPI Events Check.
May  1 20:01:02 steini-G1-Sniper-B5 systemd[1]: Reached target Paths.
May  1 20:01:02 steini-G1-Sniper-B5 systemd[1]: Reached target Basic System.
May  1 20:01:02 steini-G1-Sniper-B5 systemd[1]: Starting LSB: disk temperature monitoring daemon...
May  1 20:01:02 steini-G1-Sniper-B5 systemd[1]: Starting PostgreSQL Cluster 9.5-main...
May  1 20:01:02 steini-G1-Sniper-B5 systemd[1]: Started Cgroup management daemon.
May  1 20:01:02 steini-G1-Sniper-B5 systemd[1]: Started mintsystem.service.
May  1 20:01:02 steini-G1-Sniper-B5 systemd[1]: Starting Restore /etc/resolv.conf if the system crashed before the ppp link was shut down...
May  1 20:01:02 steini-G1-Sniper-B5 systemd[1]: Starting Permit User Sessions...
May  1 20:01:02 steini-G1-Sniper-B5 systemd[1]: Starting LSB: Start NTP daemon...
May  1 20:01:02 steini-G1-Sniper-B5 systemd[1]: Starting LSB: Adaptive readahead daemon...
May  1 20:01:02 steini-G1-Sniper-B5 systemd[1]: Starting Initialize hardware monitoring sensors...
May  1 20:01:02 steini-G1-Sniper-B5 systemd[1]: Started Regular background program processing daemon.
May  1 20:01:02 steini-G1-Sniper-B5 systemd[1]: Starting LSB: Record successful boot for GRUB...
May  1 20:01:02 steini-G1-Sniper-B5 cron[837]: (CRON) INFO (pidfile fd = 3)
May  1 20:01:02 steini-G1-Sniper-B5 systemd[1]: Started CUPS Scheduler.
May  1 20:01:02 steini-G1-Sniper-B5 systemd[1]: Starting IIO Sensor Proxy service...
May  1 20:01:02 steini-G1-Sniper-B5 systemd[1]: Starting LSB: VirtualBox Linux Additions...
May  1 20:01:02 steini-G1-Sniper-B5 systemd[1]: Started D-Bus System Message Bus.
May  1 20:01:02 steini-G1-Sniper-B5 cron[837]: (CRON) INFO (Running @reboot jobs)
May  1 20:01:02 steini-G1-Sniper-B5 dbus-daemon[852]: Unknown username "whoopsie" in message bus configuration file
May  1 20:01:02 steini-G1-Sniper-B5 dbus-daemon[852]: Unknown username "geoclue" in message bus configuration file
May  1 20:01:02 steini-G1-Sniper-B5 dbus[852]: [system] AppArmor D-Bus mediation is enabled
May  1 20:01:02 steini-G1-Sniper-B5 systemd[1]: Starting Thermal Daemon Service...
May  1 20:01:02 steini-G1-Sniper-B5 systemd[1]: Starting Modem Manager...
May  1 20:01:02 steini-G1-Sniper-B5 systemd[1]: Starting LSB: Speech Dispatcher...
May  1 20:01:02 steini-G1-Sniper-B5 systemd[1]: Starting System Logging Service...
May  1 20:01:02 steini-G1-Sniper-B5 systemd[1]: Starting Detect the available GPUs and deal with any system changes...
May  1 20:01:02 steini-G1-Sniper-B5 systemd[1]: Starting Save/Restore Sound Card State...
May  1 20:01:02 steini-G1-Sniper-B5 systemd[1]: Started Run anacron jobs.
May  1 20:01:02 steini-G1-Sniper-B5 gpu-manager[888]: /etc/modprobe.d is not a file
May  1 20:01:02 steini-G1-Sniper-B5 anacron[894]: Anacron 2.3 started on 2017-05-01
May  1 20:01:02 steini-G1-Sniper-B5 gpu-manager[888]: /etc/modprobe.d is not a file
May  1 20:01:02 steini-G1-Sniper-B5 systemd[1]: Starting LSB: Load kernel modules needed to enable cpufreq scaling...
May  1 20:01:02 steini-G1-Sniper-B5 systemd[1]: Starting Accounts Service...
May  1 20:01:02 steini-G1-Sniper-B5 systemd[1]: Starting Login Service...
May  1 20:01:02 steini-G1-Sniper-B5 systemd[1]: Starting LSB: daemon to balance interrupts for SMP systems...
May  1 20:01:02 steini-G1-Sniper-B5 gpu-manager[888]: /etc/modprobe.d is not a file
May  1 20:01:02 steini-G1-Sniper-B5 anacron[894]: Will run job `cron.daily' in 5 min.
May  1 20:01:02 steini-G1-Sniper-B5 systemd[1]: Starting LSB: Set the CPU Frequency Scaling governor to "ondemand"...
May  1 20:01:02 steini-G1-Sniper-B5 anacron[894]: Jobs will be executed sequentially
May  1 20:01:02 steini-G1-Sniper-B5 kernel: [    0.000000] microcode: CPU0 microcode updated early to revision 0x1e, date = 2015-08-13
May  1 20:01:02 steini-G1-Sniper-B5 kernel: [    0.000000] Initializing cgroup subsys cpuset
May  1 20:01:02 steini-G1-Sniper-B5 kernel: [    0.000000] Initializing cgroup subsys cpu
May  1 20:01:02 steini-G1-Sniper-B5 kernel: [    0.000000] Initializing cgroup subsys cpuacct
May  1 20:01:02 steini-G1-Sniper-B5 kernel: [    0.000000] Linux version 4.4.0-75-generic (buildd@lgw01-21) (gcc version 5.4.0 20160609 (Ubuntu 5.4.0-6ubuntu1~16.04.4) ) #96-Ubuntu SMP Thu Apr 20 09:56:33 UTC 2017 (Ubuntu 4.4.0-75.96-generic 4.4.59)
May  1 20:01:02 steini-G1-Sniper-B5 kernel: [    0.000000] Command line: BOOT_IMAGE=/boot/vmlinuz-4.4.0-75-generic root=UUID=4155e739-552e-4466-8e0a-58509c2abd75 ro quiet splash vt.handoff=7
May  1 20:01:02 steini-G1-Sniper-B5 kernel: [    0.000000] KERNEL supported cpus:
May  1 20:01:02 steini-G1-Sniper-B5 kernel: [    0.000000]   Intel GenuineIntel
May  1 20:01:02 steini-G1-Sniper-B5 kernel: [    0.000000]   AMD AuthenticAMD
May  1 20:01:02 steini-G1-Sniper-B5 kernel: [    0.000000]   Centaur CentaurHauls
May  1 20:01:02 steini-G1-Sniper-B5 kernel: [    0.000000] x86/fpu: xstate_offset[2]:  576, xstate_sizes[2]:  256
May  1 20:01:02 steini-G1-Sniper-B5 kernel: [    0.000000] x86/fpu: Supporting XSAVE feature 0x01: 'x87 floating point registers'
May  1 20:01:02 steini-G1-Sniper-B5 kernel: [    0.000000] x86/fpu: Supporting XSAVE feature 0x02: 'SSE registers'
May  1 20:01:02 steini-G1-Sniper-B5 kernel: [    0.000000] x86/fpu: Supporting XSAVE feature 0x04: 'AVX registers'
May  1 20:01:02 steini-G1-Sniper-B5 kernel: [    0.000000] x86/fpu: Enabled xstate features 0x7, context size is 832 bytes, using 'standard' format.
May  1 20:01:02 steini-G1-Sniper-B5 kernel: [    0.000000] x86/fpu: Using 'eager' FPU context switches.
May  1 20:01:02 steini-G1-Sniper-B5 kernel: [    0.000000] e820: BIOS-provided physical RAM map:
May  1 20:01:02 steini-G1-Sniper-B5 kernel: [    0.000000] BIOS-e820: [mem 0x0000000000000000-0x000000000009d7ff] usable
May  1 20:01:02 steini-G1-Sniper-B5 kernel: [    0.000000] BIOS-e820: [mem 0x000000000009d800-0x000000000009ffff] reserved
May  1 20:01:02 steini-G1-Sniper-B5 kernel: [    0.000000] BIOS-e820: [mem 0x00000000000e0000-0x00000000000fffff] reserved
May  1 20:01:02 steini-G1-Sniper-B5 kernel: [    0.000000] BIOS-e820: [mem 0x0000000000100000-0x00000000b56cffff] usable
May  1 20:01:02 steini-G1-Sniper-B5 kernel: [    0.000000] BIOS-e820: [mem 0x00000000b56d0000-0x00000000b56d6fff] ACPI NVS
May  1 20:01:02 steini-G1-Sniper-B5 kernel: [    0.000000] BIOS-e820: [mem 0x00000000b56d7000-0x00000000b61b7fff] usable
May  1 20:01:02 steini-G1-Sniper-B5 kernel: [    0.000000] BIOS-e820: [mem 0x00000000b61b8000-0x00000000b6707fff] reserved
May  1 20:01:02 steini-G1-Sniper-B5 kernel: [    0.000000] BIOS-e820: [mem 0x00000000b6708000-0x00000000c8e0ffff] usable
May  1 20:01:02 steini-G1-Sniper-B5 kernel: [    0.000000] BIOS-e820: [mem 0x00000000c8e10000-0x00000000c8ea7fff] reserved
May  1 20:01:02 steini-G1-Sniper-B5 kernel: [    0.000000] BIOS-e820: [mem 0x00000000c8ea8000-0x00000000c8ee7fff] usable
May  1 20:01:02 steini-G1-Sniper-B5 kernel: [    0.000000] BIOS-e820: [mem 0x00000000c8ee8000-0x00000000c8fa7fff] ACPI NVS
May  1 20:01:02 steini-G1-Sniper-B5 kernel: [    0.000000] BIOS-e820: [mem 0x00000000c8fa8000-0x00000000caffefff] reserved
May  1 20:01:02 steini-G1-Sniper-B5 kernel: [    0.000000] BIOS-e820: [mem 0x00000000cafff000-0x00000000caffffff] usable
May  1 20:01:02 steini-G1-Sniper-B5 kernel: [    0.000000] BIOS-e820: [mem 0x00000000cb800000-0x00000000cf9fffff] reserved
May  1 20:01:02 steini-G1-Sniper-B5 kernel: [    0.000000] BIOS-e820: [mem 0x00000000f8000000-0x00000000fbffffff] reserved
May  1 20:01:02 steini-G1-Sniper-B5 kernel: [    0.000000] BIOS-e820: [mem 0x00000000fec00000-0x00000000fec00fff] reserved
May  1 20:01:02 steini-G1-Sniper-B5 kernel: [    0.000000] BIOS-e820: [mem 0x00000000fed00000-0x00000000fed03fff] reserved
May  1 20:01:02 steini-G1-Sniper-B5 kernel: [    0.000000] BIOS-e820: [mem 0x00000000fed1c000-0x00000000fed1ffff] reserved
May  1 20:01:02 steini-G1-Sniper-B5 kernel: [    0.000000] BIOS-e820: [mem 0x00000000fee00000-0x00000000fee00fff] reserved
May  1 20:01:02 steini-G1-Sniper-B5 kernel: [    0.000000] BIOS-e820: [mem 0x00000000ff000000-0x00000000ffffffff] reserved
May  1 20:01:02 steini-G1-Sniper-B5 kernel: [    0.000000] BIOS-e820: [mem 0x0000000100000000-0x000000032f5fffff] usable
May  1 20:01:02 steini-G1-Sniper-B5 kernel: [    0.000000] NX (Execute Disable) protection: active
May  1 20:01:02 steini-G1-Sniper-B5 kernel: [    0.000000] SMBIOS 2.7 present.
May  1 20:01:02 steini-G1-Sniper-B5 kernel: [    0.000000] DMI: Gigabyte Technology Co., Ltd. G1.Sniper B5/G1.Sniper B5-CF, BIOS F2 09/16/2014
May  1 20:01:02 steini-G1-Sniper-B5 kernel: [    0.000000] e820: update [mem 0x00000000-0x00000fff] usable ==> reserved
May  1 20:01:02 steini-G1-Sniper-B5 kernel: [    0.000000] e820: remove [mem 0x000a0000-0x000fffff] usable
May  1 20:01:02 steini-G1-Sniper-B5 kernel: [    0.000000] e820: last_pfn = 0x32f600 max_arch_pfn = 0x400000000
May  1 20:01:02 steini-G1-Sniper-B5 kernel: [    0.000000] MTRR default type: uncachable
May  1 20:01:02 steini-G1-Sniper-B5 kernel: [    0.000000] MTRR fixed ranges enabled:
May  1 20:01:02 steini-G1-Sniper-B5 kernel: [    0.000000]   00000-9FFFF write-back
May  1 20:01:02 steini-G1-Sniper-B5 kernel: [    0.000000]   A0000-BFFFF uncachable
May  1 20:01:02 steini-G1-Sniper-B5 kernel: [    0.000000]   C0000-CFFFF write-protect
May  1 20:01:02 steini-G1-Sniper-B5 kernel: [    0.000000]   D0000-E7FFF uncachable
May  1 20:01:02 steini-G1-Sniper-B5 kernel: [    0.000000]   E8000-FFFFF write-protect
May  1 20:01:02 steini-G1-Sniper-B5 kernel: [    0.000000] MTRR variable ranges enabled:
May  1 20:01:02 steini-G1-Sniper-B5 kernel: [    0.000000]   0 base 0000000000 mask 7E00000000 write-back
May  1 20:01:02 steini-G1-Sniper-B5 kernel: [    0.000000]   1 base 0200000000 mask 7F00000000 write-back
May  1 20:01:02 steini-G1-Sniper-B5 kernel: [    0.000000]   2 base 0300000000 mask 7FC0000000 write-back
May  1 20:01:02 steini-G1-Sniper-B5 kernel: [    0.000000]   3 base 00E0000000 mask 7FE0000000 uncachable
May  1 20:01:02 steini-G1-Sniper-B5 kernel: [    0.000000]   4 base 00D0000000 mask 7FF0000000 uncachable
May  1 20:01:02 steini-G1-Sniper-B5 kernel: [    0.000000]   5 base 00CC000000 mask 7FFC000000 uncachable
May  1 20:01:02 steini-G1-Sniper-B5 kernel: [    0.000000]   6 base 00CB800000 mask 7FFF800000 uncachable
May  1 20:01:02 steini-G1-Sniper-B5 kernel: [    0.000000]   7 base 0330000000 mask 7FF0000000 uncachable
May  1 20:01:02 steini-G1-Sniper-B5 kernel: [    0.000000]   8 base 032F800000 mask 7FFF800000 uncachable
May  1 20:01:02 steini-G1-Sniper-B5 kernel: [    0.000000]   9 base 032F600000 mask 7FFFE00000 uncachable
May  1 20:01:02 steini-G1-Sniper-B5 kernel: [    0.000000] x86/PAT: Configuration [0-7]: WB  WC  UC- UC  WB  WC  UC- WT  
May  1 20:01:02 steini-G1-Sniper-B5 kernel: [    0.000000] original variable MTRRs
May  1 20:01:02 steini-G1-Sniper-B5 kernel: [    0.000000] reg 0, base: 0GB, range: 8GB, type WB
May  1 20:01:02 steini-G1-Sniper-B5 kernel: [    0.000000] reg 1, base: 8GB, range: 4GB, type WB
May  1 20:01:02 steini-G1-Sniper-B5 kernel: [    0.000000] reg 2, base: 12GB, range: 1GB, type WB
May  1 20:01:02 steini-G1-Sniper-B5 kernel: [    0.000000] reg 3, base: 3584MB, range: 512MB, type UC
May  1 20:01:02 steini-G1-Sniper-B5 kernel: [    0.000000] reg 4, base: 3328MB, range: 256MB, type UC
May  1 20:01:02 steini-G1-Sniper-B5 kernel: [    0.000000] reg 5, base: 3264MB, range: 64MB, type UC
May  1 20:01:02 steini-G1-Sniper-B5 kernel: [    0.000000] reg 6, base: 3256MB, range: 8MB, type UC
May  1 20:01:02 steini-G1-Sniper-B5 kernel: [    0.000000] reg 7, base: 13056MB, range: 256MB, type UC
May  1 20:01:02 steini-G1-Sniper-B5 kernel: [    0.000000] reg 8, base: 13048MB, range: 8MB, type UC
May  1 20:01:02 steini-G1-Sniper-B5 kernel: [    0.000000] reg 9, base: 13046MB, range: 2MB, type UC
May  1 20:01:0